  archived uIfY8vIKFOOjsIR3  One-off — Resend 3 BlackSoil deals to Ravi (today 17:15 IST)
  archived uS7Sc8v7TnEXwHim  One-off FULL-2 — strict re-match across all startups, throughput
  archived ul0FKRZCofFxM0eL  One-off MT-2 — combined meeting count + sector-only candidates f
  archived uqkKNOqJu9PHauzr  One-off RD-2 — re-date queued deals: minimum 5 per startup per w
  archived vEymxXZYridkIrmP  One-off TS-BASE — create THESIS SNAPSHOT tab and write today's b
  archived va1t09FLAwJa7T0X  One-off KX-2 — re-match the six startups at score 70+
  archived vdNiikxRdEEd6pl7  One-off CP-3 — read every tab of InvestorCompositionList20260911
  archived vrQzVIcfhe4gXxh3  One-off TR-1 — apply tiered rules: pause mismatches, delete dead
  archived wrAowfyuCdcN5cJG  One-off PR-1 — why do rows have priority under 50 (read only)
  archived wrJsWWqsCJMEQot8  One-off TR-21 — Michele x pre-revenue: report all, hold anything
  archived xUlwnGHI9ypfITsN  One-off DRM-2 — read tracker + STARTUPS + PIPELINE for re-match
  archived y6NHL8RjZXjIi4SN  READ (read-only) — unpaired investor headroom for the 19 short-r
  archived yOrCIgz4nroQKvIb  One-off — Set GLOBAL_PAUSE
  archived yTLodUeaDiUaoCsa  One-off PHASE 1 — delete single test row D03010 (verify index se
  archived yuZmVeKhmVSe7pvv  One-off HC (read-only) — criteria health check both sides + STEP
  archived z8WgbwWRBIBzFL41  One-off FULL-1 — strict match audit across all startups (dry run
  archived zA6h8ERvK519c4el  One-off — add investor to INVESTORS (reusable; last: RTP Global 
  archived zBKvv2l9YQhVLYgu  One-off CP-1 — investor composition by type and cheque band (rea
  archived zKSJVFxWAi1gPxer  One-off FA-1 — fill angel thesis (Alex, Ignacio, Ishan, Jonathan
  archived zPI9DmHVnvZddl3L  One-off — Audit TVS / Climate Angels / Flipkart / M Ventures
  archived zk7nf19x9HAlHifB  One-off — set IN44 stage to MVP-early traction in INVESTORS (21 

archived 221 of 221
Nothing was deleted. To undo one: POST /workflows/{id}/unarchive
ids recorded in archived-ids.json

[exited with code 0]
